// Jest Snapshot v1, https://goo.gl/fbAQLP

exports[`Social Apple Button Should render Default Button 1`] = `
<div>
  <button
    class="transition-colors duration-150 ease-in-out font-bold disabled:opacity-600 disabled:cursor-not-allowed flex items-center justify-center cursor-pointer rounded-600 h-[32px] min-w-[32px] text-body-sm leading-body-sm p-600 gap-300 bg-solid-slate-1400 hover:bg-opacity-black-700 active:bg-opacity-black-800 text-solid-slate-50"
  >
    <svg
      class="[&>g]:fill-solid-slate-50"
      fill="#fff"
      height="24"
      role="img"
      viewBox="0 0 32 32"
      width="24"
      xmlns="http://www.w3.org/2000/svg"
    >
      <g
        clip-path="url(#5994bcbbbcebf4919eb973c8675a9fdf__a)"
        fill="#000"
      >
        <path
          d="M22.248 0c.195 1.894-.542 3.749-1.627 5.129-1.125 1.34-2.907 2.405-4.69 2.248-.233-1.815.66-3.746 1.667-4.93C18.721 1.066 20.66.08 22.248 0M18.064 8.672c1.158-.464 2.59-1.038 4.165-.943 1.006.08 3.904.395 5.76 3.185l-.06.041c-.476.317-3.378 2.248-3.342 6.057.036 4.537 3.678 6.238 4.16 6.463l.053.026-.01.032c-.092.3-.72 2.36-2.153 4.49-1.315 1.97-2.668 3.896-4.833 3.935-1.02.02-1.706-.28-2.422-.592-.75-.326-1.53-.667-2.757-.667-1.286 0-2.104.351-2.891.69-.68.29-1.336.572-2.25.61-2.087.077-3.67-2.087-4.985-4.053-2.707-3.973-4.755-11.21-1.971-16.088C5.88 9.42 8.354 7.887 11.02 7.847c1.164-.022 2.278.426 3.25.816.739.297 1.396.562 1.93.562.485 0 1.118-.254 1.864-.553"
        />
      </g>
      <defs>
        <clippath
          id="5994bcbbbcebf4919eb973c8675a9fdf__a"
        >
          <path
            d="M0 0h32v32H0z"
            fill="#fff"
          />
        </clippath>
      </defs>
    </svg>
    <span
      class="flex-1"
    >
      Apple
    </span>
  </button>
</div>
`;

exports[`Social Apple Button Should render IconButton with className=opacity-50 1`] = `
<div>
  <button
    class="transition-colors duration-150 ease-in-out font-bold disabled:opacity-600 disabled:cursor-not-allowed flex items-center justify-center cursor-pointer rounded-600 h-[32px] min-w-[32px] text-body-sm leading-body-sm p-600 gap-300 bg-solid-slate-1400 hover:bg-opacity-black-700 active:bg-opacity-black-800 text-solid-slate-50 opacity-50"
  >
    <svg
      class="[&>g]:fill-solid-slate-50"
      fill="#fff"
      height="24"
      role="img"
      viewBox="0 0 32 32"
      width="24"
      xmlns="http://www.w3.org/2000/svg"
    >
      <g
        clip-path="url(#5994bcbbbcebf4919eb973c8675a9fdf__a)"
        fill="#000"
      >
        <path
          d="M22.248 0c.195 1.894-.542 3.749-1.627 5.129-1.125 1.34-2.907 2.405-4.69 2.248-.233-1.815.66-3.746 1.667-4.93C18.721 1.066 20.66.08 22.248 0M18.064 8.672c1.158-.464 2.59-1.038 4.165-.943 1.006.08 3.904.395 5.76 3.185l-.06.041c-.476.317-3.378 2.248-3.342 6.057.036 4.537 3.678 6.238 4.16 6.463l.053.026-.01.032c-.092.3-.72 2.36-2.153 4.49-1.315 1.97-2.668 3.896-4.833 3.935-1.02.02-1.706-.28-2.422-.592-.75-.326-1.53-.667-2.757-.667-1.286 0-2.104.351-2.891.69-.68.29-1.336.572-2.25.61-2.087.077-3.67-2.087-4.985-4.053-2.707-3.973-4.755-11.21-1.971-16.088C5.88 9.42 8.354 7.887 11.02 7.847c1.164-.022 2.278.426 3.25.816.739.297 1.396.562 1.93.562.485 0 1.118-.254 1.864-.553"
        />
      </g>
      <defs>
        <clippath
          id="5994bcbbbcebf4919eb973c8675a9fdf__a"
        >
          <path
            d="M0 0h32v32H0z"
            fill="#fff"
          />
        </clippath>
      </defs>
    </svg>
    <span
      class="flex-1"
    >
      Apple
    </span>
  </button>
</div>
`;

exports[`Social Apple Button Should render Primary Variant 1`] = `
<div>
  <button
    class="transition-colors duration-150 ease-in-out font-bold disabled:opacity-600 disabled:cursor-not-allowed flex items-center justify-center cursor-pointer rounded-600 h-[32px] min-w-[32px] text-body-sm leading-body-sm p-600 gap-300 bg-solid-slate-1400 hover:bg-opacity-black-700 active:bg-opacity-black-800 text-solid-slate-50"
  >
    <svg
      class="[&>g]:fill-solid-slate-50"
      fill="#fff"
      height="24"
      role="img"
      viewBox="0 0 32 32"
      width="24"
      xmlns="http://www.w3.org/2000/svg"
    >
      <g
        clip-path="url(#5994bcbbbcebf4919eb973c8675a9fdf__a)"
        fill="#000"
      >
        <path
          d="M22.248 0c.195 1.894-.542 3.749-1.627 5.129-1.125 1.34-2.907 2.405-4.69 2.248-.233-1.815.66-3.746 1.667-4.93C18.721 1.066 20.66.08 22.248 0M18.064 8.672c1.158-.464 2.59-1.038 4.165-.943 1.006.08 3.904.395 5.76 3.185l-.06.041c-.476.317-3.378 2.248-3.342 6.057.036 4.537 3.678 6.238 4.16 6.463l.053.026-.01.032c-.092.3-.72 2.36-2.153 4.49-1.315 1.97-2.668 3.896-4.833 3.935-1.02.02-1.706-.28-2.422-.592-.75-.326-1.53-.667-2.757-.667-1.286 0-2.104.351-2.891.69-.68.29-1.336.572-2.25.61-2.087.077-3.67-2.087-4.985-4.053-2.707-3.973-4.755-11.21-1.971-16.088C5.88 9.42 8.354 7.887 11.02 7.847c1.164-.022 2.278.426 3.25.816.739.297 1.396.562 1.93.562.485 0 1.118-.254 1.864-.553"
        />
      </g>
      <defs>
        <clippath
          id="5994bcbbbcebf4919eb973c8675a9fdf__a"
        >
          <path
            d="M0 0h32v32H0z"
            fill="#fff"
          />
        </clippath>
      </defs>
    </svg>
    <span
      class="flex-1"
    >
      Apple
    </span>
  </button>
</div>
`;

exports[`Social Apple Button Should render Secondary Variant 1`] = `
<div>
  <button
    class="transition-colors duration-150 ease-in-out font-bold disabled:opacity-600 disabled:cursor-not-allowed flex items-center justify-center cursor-pointer text-typography-prominent rounded-600 h-[32px] min-w-[32px] text-body-sm leading-body-sm p-600 gap-300 border-75 border-opacity-black-100 hover:bg-opacity-black-100 active:bg-opacity-black-200"
  >
    <svg
      class=""
      fill="#fff"
      height="24"
      role="img"
      viewBox="0 0 32 32"
      width="24"
      xmlns="http://www.w3.org/2000/svg"
    >
      <g
        clip-path="url(#5994bcbbbcebf4919eb973c8675a9fdf__a)"
        fill="#000"
      >
        <path
          d="M22.248 0c.195 1.894-.542 3.749-1.627 5.129-1.125 1.34-2.907 2.405-4.69 2.248-.233-1.815.66-3.746 1.667-4.93C18.721 1.066 20.66.08 22.248 0M18.064 8.672c1.158-.464 2.59-1.038 4.165-.943 1.006.08 3.904.395 5.76 3.185l-.06.041c-.476.317-3.378 2.248-3.342 6.057.036 4.537 3.678 6.238 4.16 6.463l.053.026-.01.032c-.092.3-.72 2.36-2.153 4.49-1.315 1.97-2.668 3.896-4.833 3.935-1.02.02-1.706-.28-2.422-.592-.75-.326-1.53-.667-2.757-.667-1.286 0-2.104.351-2.891.69-.68.29-1.336.572-2.25.61-2.087.077-3.67-2.087-4.985-4.053-2.707-3.973-4.755-11.21-1.971-16.088C5.88 9.42 8.354 7.887 11.02 7.847c1.164-.022 2.278.426 3.25.816.739.297 1.396.562 1.93.562.485 0 1.118-.254 1.864-.553"
        />
      </g>
      <defs>
        <clippath
          id="5994bcbbbcebf4919eb973c8675a9fdf__a"
        >
          <path
            d="M0 0h32v32H0z"
            fill="#fff"
          />
        </clippath>
      </defs>
    </svg>
    <span
      class="flex-1"
    >
      Apple
    </span>
  </button>
</div>
`;

exports[`Social Apple Button Should render no label if hideLabel is true 1`] = `
<div>
  <button
    class="transition-colors duration-150 ease-in-out font-bold disabled:opacity-600 disabled:cursor-not-allowed flex items-center justify-center cursor-pointer rounded-600 h-[32px] min-w-[32px] text-body-sm leading-body-sm bg-solid-slate-1400 hover:bg-opacity-black-700 active:bg-opacity-black-800 text-solid-slate-50"
  >
    <svg
      class="[&>g]:fill-solid-slate-50"
      fill="#fff"
      height="24"
      role="img"
      viewBox="0 0 32 32"
      width="24"
      xmlns="http://www.w3.org/2000/svg"
    >
      <g
        clip-path="url(#5994bcbbbcebf4919eb973c8675a9fdf__a)"
        fill="#000"
      >
        <path
          d="M22.248 0c.195 1.894-.542 3.749-1.627 5.129-1.125 1.34-2.907 2.405-4.69 2.248-.233-1.815.66-3.746 1.667-4.93C18.721 1.066 20.66.08 22.248 0M18.064 8.672c1.158-.464 2.59-1.038 4.165-.943 1.006.08 3.904.395 5.76 3.185l-.06.041c-.476.317-3.378 2.248-3.342 6.057.036 4.537 3.678 6.238 4.16 6.463l.053.026-.01.032c-.092.3-.72 2.36-2.153 4.49-1.315 1.97-2.668 3.896-4.833 3.935-1.02.02-1.706-.28-2.422-.592-.75-.326-1.53-.667-2.757-.667-1.286 0-2.104.351-2.891.69-.68.29-1.336.572-2.25.61-2.087.077-3.67-2.087-4.985-4.053-2.707-3.973-4.755-11.21-1.971-16.088C5.88 9.42 8.354 7.887 11.02 7.847c1.164-.022 2.278.426 3.25.816.739.297 1.396.562 1.93.562.485 0 1.118-.254 1.864-.553"
        />
      </g>
      <defs>
        <clippath
          id="5994bcbbbcebf4919eb973c8675a9fdf__a"
        >
          <path
            d="M0 0h32v32H0z"
            fill="#fff"
          />
        </clippath>
      </defs>
    </svg>
  </button>
</div>
`;

exports[`Social Apple Button Should render properly with fullWidth true 1`] = `
<div>
  <button
    class="transition-colors duration-150 ease-in-out font-bold disabled:opacity-600 disabled:cursor-not-allowed flex items-center justify-center cursor-pointer w-full rounded-600 h-[32px] min-w-[32px] text-body-sm leading-body-sm p-600 gap-300 bg-solid-slate-1400 hover:bg-opacity-black-700 active:bg-opacity-black-800 text-solid-slate-50"
  >
    <svg
      class="[&>g]:fill-solid-slate-50"
      fill="#fff"
      height="24"
      role="img"
      viewBox="0 0 32 32"
      width="24"
      xmlns="http://www.w3.org/2000/svg"
    >
      <g
        clip-path="url(#5994bcbbbcebf4919eb973c8675a9fdf__a)"
        fill="#000"
      >
        <path
          d="M22.248 0c.195 1.894-.542 3.749-1.627 5.129-1.125 1.34-2.907 2.405-4.69 2.248-.233-1.815.66-3.746 1.667-4.93C18.721 1.066 20.66.08 22.248 0M18.064 8.672c1.158-.464 2.59-1.038 4.165-.943 1.006.08 3.904.395 5.76 3.185l-.06.041c-.476.317-3.378 2.248-3.342 6.057.036 4.537 3.678 6.238 4.16 6.463l.053.026-.01.032c-.092.3-.72 2.36-2.153 4.49-1.315 1.97-2.668 3.896-4.833 3.935-1.02.02-1.706-.28-2.422-.592-.75-.326-1.53-.667-2.757-.667-1.286 0-2.104.351-2.891.69-.68.29-1.336.572-2.25.61-2.087.077-3.67-2.087-4.985-4.053-2.707-3.973-4.755-11.21-1.971-16.088C5.88 9.42 8.354 7.887 11.02 7.847c1.164-.022 2.278.426 3.25.816.739.297 1.396.562 1.93.562.485 0 1.118-.254 1.864-.553"
        />
      </g>
      <defs>
        <clippath
          id="5994bcbbbcebf4919eb973c8675a9fdf__a"
        >
          <path
            d="M0 0h32v32H0z"
            fill="#fff"
          />
        </clippath>
      </defs>
    </svg>
    <span
      class="flex-1"
    >
      Apple
    </span>
  </button>
</div>
`;
