// Jest Snapshot v1, https://goo.gl/fbAQLP

exports[`Tag Should render Error Tag Fill 1`] = `
<div>
  <div
    class="min-w-full rounded-200 inline-flex items-center justify-center px-600 py-[5px] text-75 gap-x-600 bg-solid-red-100 text-status-danger"
  >
    <svg
      class="fill-status-danger"
      height="22"
      role="img"
      viewBox="0 0 16 24"
      width="13"
      xmlns="http://www.w3.org/2000/svg"
    >
      <g
        clip-path="url(#a)"
      >
        <path
          d="M1.094 17.125a.603.603 0 0 0-.094.313c.042.354.23.541.563.562h12.874c.334-.02.521-.208.563-.563a.835.835 0 0 0-.063-.312l-6.28-10.75C8.49 6.125 8.27 6 8 6c-.27 0-.48.125-.625.375l-6.281 10.75Zm-.875-.5L6.5 5.875c.354-.563.854-.854 1.5-.875.646.02 1.146.313 1.5.875l6.281 10.75c.146.25.219.52.219.813-.02.437-.177.802-.469 1.093a1.597 1.597 0 0 1-1.094.469H1.563a1.597 1.597 0 0 1-1.094-.469A1.597 1.597 0 0 1 0 17.438c0-.292.073-.563.219-.813ZM8 9c.313.02.48.188.5.5v4c-.02.313-.188.48-.5.5-.313-.02-.48-.188-.5-.5v-4c.02-.313.188-.48.5-.5Zm-.75 7c.042-.458.292-.708.75-.75.458.042.708.292.75.75-.042.458-.292.708-.75.75-.458-.042-.708-.292-.75-.75Z"
          fill-opacity="0.72"
        />
      </g>
      <defs>
        <clippath
          id="a"
        >
          <path
            d="M0 0h16v24H0z"
          />
        </clippath>
      </defs>
    </svg>
    Label
  </div>
</div>
`;

exports[`Tag Should render Error Tag Outline 1`] = `
<div>
  <div
    class="min-w-full rounded-200 inline-flex items-center justify-center px-600 py-[5px] text-75 gap-x-600 border-75 border-status-danger text-status-danger"
  >
    <svg
      class="fill-status-danger"
      height="22"
      role="img"
      viewBox="0 0 16 24"
      width="13"
      xmlns="http://www.w3.org/2000/svg"
    >
      <g
        clip-path="url(#a)"
      >
        <path
          d="M1.094 17.125a.603.603 0 0 0-.094.313c.042.354.23.541.563.562h12.874c.334-.02.521-.208.563-.563a.835.835 0 0 0-.063-.312l-6.28-10.75C8.49 6.125 8.27 6 8 6c-.27 0-.48.125-.625.375l-6.281 10.75Zm-.875-.5L6.5 5.875c.354-.563.854-.854 1.5-.875.646.02 1.146.313 1.5.875l6.281 10.75c.146.25.219.52.219.813-.02.437-.177.802-.469 1.093a1.597 1.597 0 0 1-1.094.469H1.563a1.597 1.597 0 0 1-1.094-.469A1.597 1.597 0 0 1 0 17.438c0-.292.073-.563.219-.813ZM8 9c.313.02.48.188.5.5v4c-.02.313-.188.48-.5.5-.313-.02-.48-.188-.5-.5v-4c.02-.313.188-.48.5-.5Zm-.75 7c.042-.458.292-.708.75-.75.458.042.708.292.75.75-.042.458-.292.708-.75.75-.458-.042-.708-.292-.75-.75Z"
          fill-opacity="0.72"
        />
      </g>
      <defs>
        <clippath
          id="a"
        >
          <path
            d="M0 0h16v24H0z"
          />
        </clippath>
      </defs>
    </svg>
    Label
  </div>
</div>
`;

exports[`Tag Should render Info Tag Fill 1`] = `
<div>
  <div
    class="min-w-full rounded-200 inline-flex items-center justify-center px-600 py-[5px] text-75 gap-x-600 bg-solid-blue-100 text-status-info"
  >
    <svg
      class="fill-status-info"
      height="22"
      role="img"
      viewBox="0 0 16 24"
      width="13"
      xmlns="http://www.w3.org/2000/svg"
    >
      <g
        clip-path="url(#a)"
      >
        <path
          d="M8 5a7.204 7.204 0 0 0-3.5.938A7.191 7.191 0 0 0 1.937 8.5a6.999 6.999 0 0 0 0 7A7.191 7.191 0 0 0 4.5 18.063 7.203 7.203 0 0 0 8 19a7.203 7.203 0 0 0 3.5-.938 7.191 7.191 0 0 0 2.563-2.562 7 7 0 0 0 0-7A7.19 7.19 0 0 0 11.5 5.937 7.204 7.204 0 0 0 8 5Zm0 15c-1.458-.02-2.792-.375-4-1.063C2.792 18.23 1.812 17.25 1.062 16 .355 14.73 0 13.396 0 12s.354-2.73 1.063-4C1.813 6.75 2.792 5.77 4 5.062 5.208 4.375 6.542 4.021 8 4c1.458.02 2.792.375 4 1.063C13.208 5.77 14.188 6.75 14.938 8 15.646 9.27 16 10.604 16 12s-.354 2.73-1.063 4c-.75 1.25-1.729 2.23-2.937 2.938-1.208.687-2.542 1.041-4 1.062Zm-1.5-5h1v-3h-.75c-.313-.02-.48-.188-.5-.5.02-.313.188-.48.5-.5H8c.313.02.48.188.5.5V15h1c.313.02.48.188.5.5-.02.313-.188.48-.5.5h-3c-.313-.02-.48-.188-.5-.5.02-.313.188-.48.5-.5ZM8 9.75c-.458-.042-.708-.292-.75-.75.042-.458.292-.708.75-.75.458.042.708.292.75.75-.042.458-.292.708-.75.75Z"
          fill-opacity="0.72"
        />
      </g>
      <defs>
        <clippath
          id="a"
        >
          <path
            d="M0 0h16v24H0z"
          />
        </clippath>
      </defs>
    </svg>
    Label
  </div>
</div>
`;

exports[`Tag Should render Info Tag Outline 1`] = `
<div>
  <div
    class="min-w-full rounded-200 inline-flex items-center justify-center px-600 py-[5px] text-75 gap-x-600 border-75 border-status-info text-status-info"
  >
    <svg
      class="fill-status-info"
      height="22"
      role="img"
      viewBox="0 0 16 24"
      width="13"
      xmlns="http://www.w3.org/2000/svg"
    >
      <g
        clip-path="url(#a)"
      >
        <path
          d="M8 5a7.204 7.204 0 0 0-3.5.938A7.191 7.191 0 0 0 1.937 8.5a6.999 6.999 0 0 0 0 7A7.191 7.191 0 0 0 4.5 18.063 7.203 7.203 0 0 0 8 19a7.203 7.203 0 0 0 3.5-.938 7.191 7.191 0 0 0 2.563-2.562 7 7 0 0 0 0-7A7.19 7.19 0 0 0 11.5 5.937 7.204 7.204 0 0 0 8 5Zm0 15c-1.458-.02-2.792-.375-4-1.063C2.792 18.23 1.812 17.25 1.062 16 .355 14.73 0 13.396 0 12s.354-2.73 1.063-4C1.813 6.75 2.792 5.77 4 5.062 5.208 4.375 6.542 4.021 8 4c1.458.02 2.792.375 4 1.063C13.208 5.77 14.188 6.75 14.938 8 15.646 9.27 16 10.604 16 12s-.354 2.73-1.063 4c-.75 1.25-1.729 2.23-2.937 2.938-1.208.687-2.542 1.041-4 1.062Zm-1.5-5h1v-3h-.75c-.313-.02-.48-.188-.5-.5.02-.313.188-.48.5-.5H8c.313.02.48.188.5.5V15h1c.313.02.48.188.5.5-.02.313-.188.48-.5.5h-3c-.313-.02-.48-.188-.5-.5.02-.313.188-.48.5-.5ZM8 9.75c-.458-.042-.708-.292-.75-.75.042-.458.292-.708.75-.75.458.042.708.292.75.75-.042.458-.292.708-.75.75Z"
          fill-opacity="0.72"
        />
      </g>
      <defs>
        <clippath
          id="a"
        >
          <path
            d="M0 0h16v24H0z"
          />
        </clippath>
      </defs>
    </svg>
    Label
  </div>
</div>
`;

exports[`Tag Should render Success Tag Fill 1`] = `
<div>
  <div
    class="min-w-full rounded-200 inline-flex items-center justify-center px-600 py-[5px] text-75 gap-x-600 bg-solid-green-100 text-status-success"
  >
    <svg
      class="fill-status-success"
      height="22"
      role="img"
      viewBox="0 0 16 24"
      width="13"
      xmlns="http://www.w3.org/2000/svg"
    >
      <g
        clip-path="url(#a)"
      >
        <path
          d="M8 5a7.204 7.204 0 0 0-3.5.938A7.191 7.191 0 0 0 1.937 8.5a6.999 6.999 0 0 0 0 7A7.191 7.191 0 0 0 4.5 18.063 7.203 7.203 0 0 0 8 19a7.203 7.203 0 0 0 3.5-.938 7.191 7.191 0 0 0 2.563-2.562 7 7 0 0 0 0-7A7.19 7.19 0 0 0 11.5 5.937 7.204 7.204 0 0 0 8 5Zm0 15c-1.458-.02-2.792-.375-4-1.063C2.792 18.23 1.812 17.25 1.062 16 .355 14.73 0 13.396 0 12s.354-2.73 1.063-4C1.813 6.75 2.792 5.77 4 5.062 5.208 4.375 6.542 4.021 8 4c1.458.02 2.792.375 4 1.063C13.208 5.77 14.188 6.75 14.938 8 15.646 9.27 16 10.604 16 12s-.354 2.73-1.063 4c-.75 1.25-1.729 2.23-2.937 2.938-1.208.687-2.542 1.041-4 1.062Zm3.344-9.656-4 4c-.23.208-.459.208-.688 0l-2-2c-.208-.23-.208-.459 0-.688.23-.208.459-.208.688 0L7 13.281l3.656-3.625c.23-.208.459-.208.688 0 .208.23.208.459 0 .688Z"
          fill-opacity="0.72"
        />
      </g>
      <defs>
        <clippath
          id="a"
        >
          <path
            d="M0 0h16v24H0z"
          />
        </clippath>
      </defs>
    </svg>
    Label
  </div>
</div>
`;

exports[`Tag Should render Success Tag Outline 1`] = `
<div>
  <div
    class="min-w-full rounded-200 inline-flex items-center justify-center px-600 py-[5px] text-75 gap-x-600 border-75 border-status-success text-status-success"
  >
    <svg
      class="fill-status-success"
      height="22"
      role="img"
      viewBox="0 0 16 24"
      width="13"
      xmlns="http://www.w3.org/2000/svg"
    >
      <g
        clip-path="url(#a)"
      >
        <path
          d="M8 5a7.204 7.204 0 0 0-3.5.938A7.191 7.191 0 0 0 1.937 8.5a6.999 6.999 0 0 0 0 7A7.191 7.191 0 0 0 4.5 18.063 7.203 7.203 0 0 0 8 19a7.203 7.203 0 0 0 3.5-.938 7.191 7.191 0 0 0 2.563-2.562 7 7 0 0 0 0-7A7.19 7.19 0 0 0 11.5 5.937 7.204 7.204 0 0 0 8 5Zm0 15c-1.458-.02-2.792-.375-4-1.063C2.792 18.23 1.812 17.25 1.062 16 .355 14.73 0 13.396 0 12s.354-2.73 1.063-4C1.813 6.75 2.792 5.77 4 5.062 5.208 4.375 6.542 4.021 8 4c1.458.02 2.792.375 4 1.063C13.208 5.77 14.188 6.75 14.938 8 15.646 9.27 16 10.604 16 12s-.354 2.73-1.063 4c-.75 1.25-1.729 2.23-2.937 2.938-1.208.687-2.542 1.041-4 1.062Zm3.344-9.656-4 4c-.23.208-.459.208-.688 0l-2-2c-.208-.23-.208-.459 0-.688.23-.208.459-.208.688 0L7 13.281l3.656-3.625c.23-.208.459-.208.688 0 .208.23.208.459 0 .688Z"
          fill-opacity="0.72"
        />
      </g>
      <defs>
        <clippath
          id="a"
        >
          <path
            d="M0 0h16v24H0z"
          />
        </clippath>
      </defs>
    </svg>
    Label
  </div>
</div>
`;

exports[`Tag Should render Tag Default 1`] = `
<div>
  <div
    class="min-w-full rounded-200 inline-flex items-center justify-center px-600 py-[5px] text-75 gap-x-600 bg-solid-blue-100 text-status-info"
  >
    <svg
      class="fill-status-info"
      height="22"
      role="img"
      viewBox="0 0 16 24"
      width="13"
      xmlns="http://www.w3.org/2000/svg"
    >
      <g
        clip-path="url(#a)"
      >
        <path
          d="M8 5a7.204 7.204 0 0 0-3.5.938A7.191 7.191 0 0 0 1.937 8.5a6.999 6.999 0 0 0 0 7A7.191 7.191 0 0 0 4.5 18.063 7.203 7.203 0 0 0 8 19a7.203 7.203 0 0 0 3.5-.938 7.191 7.191 0 0 0 2.563-2.562 7 7 0 0 0 0-7A7.19 7.19 0 0 0 11.5 5.937 7.204 7.204 0 0 0 8 5Zm0 15c-1.458-.02-2.792-.375-4-1.063C2.792 18.23 1.812 17.25 1.062 16 .355 14.73 0 13.396 0 12s.354-2.73 1.063-4C1.813 6.75 2.792 5.77 4 5.062 5.208 4.375 6.542 4.021 8 4c1.458.02 2.792.375 4 1.063C13.208 5.77 14.188 6.75 14.938 8 15.646 9.27 16 10.604 16 12s-.354 2.73-1.063 4c-.75 1.25-1.729 2.23-2.937 2.938-1.208.687-2.542 1.041-4 1.062Zm-1.5-5h1v-3h-.75c-.313-.02-.48-.188-.5-.5.02-.313.188-.48.5-.5H8c.313.02.48.188.5.5V15h1c.313.02.48.188.5.5-.02.313-.188.48-.5.5h-3c-.313-.02-.48-.188-.5-.5.02-.313.188-.48.5-.5ZM8 9.75c-.458-.042-.708-.292-.75-.75.042-.458.292-.708.75-.75.458.042.708.292.75.75-.042.458-.292.708-.75.75Z"
          fill-opacity="0.72"
        />
      </g>
      <defs>
        <clippath
          id="a"
        >
          <path
            d="M0 0h16v24H0z"
          />
        </clippath>
      </defs>
    </svg>
    Label
  </div>
</div>
`;

exports[`Tag Should render Warning Tag Fill 1`] = `
<div>
  <div
    class="min-w-full rounded-200 inline-flex items-center justify-center px-600 py-[5px] text-75 gap-x-600 bg-solid-orange-100 text-status-warning"
  >
    <svg
      class="fill-status-warning"
      height="22"
      role="img"
      viewBox="0 0 16 24"
      width="13"
      xmlns="http://www.w3.org/2000/svg"
    >
      <g
        clip-path="url(#a)"
      >
        <path
          d="M8 5a7.204 7.204 0 0 0-3.5.938A7.191 7.191 0 0 0 1.937 8.5a6.999 6.999 0 0 0 0 7A7.191 7.191 0 0 0 4.5 18.063 7.203 7.203 0 0 0 8 19a7.203 7.203 0 0 0 3.5-.938 7.191 7.191 0 0 0 2.563-2.562 7 7 0 0 0 0-7A7.19 7.19 0 0 0 11.5 5.937 7.204 7.204 0 0 0 8 5Zm0 15c-1.458-.02-2.792-.375-4-1.063C2.792 18.23 1.812 17.25 1.062 16 .355 14.73 0 13.396 0 12s.354-2.73 1.063-4C1.813 6.75 2.792 5.77 4 5.062 5.208 4.375 6.542 4.021 8 4c1.458.02 2.792.375 4 1.063C13.208 5.77 14.188 6.75 14.938 8 15.646 9.27 16 10.604 16 12s-.354 2.73-1.063 4c-.75 1.25-1.729 2.23-2.937 2.938-1.208.687-2.542 1.041-4 1.062ZM8 8c.313.02.48.188.5.5v4c-.02.313-.188.48-.5.5-.313-.02-.48-.188-.5-.5v-4c.02-.313.188-.48.5-.5Zm.75 7c-.042.458-.292.708-.75.75-.458-.042-.708-.292-.75-.75.042-.458.292-.708.75-.75.458.042.708.292.75.75Z"
          fill-opacity="0.72"
        />
      </g>
      <defs>
        <clippath
          id="a"
        >
          <path
            d="M0 0h16v24H0z"
          />
        </clippath>
      </defs>
    </svg>
    Label
  </div>
</div>
`;

exports[`Tag Should render Warning Tag Outline 1`] = `
<div>
  <div
    class="min-w-full rounded-200 inline-flex items-center justify-center px-600 py-[5px] text-75 gap-x-600 border-75 border-status-warning text-status-warning"
  >
    <svg
      class="fill-status-warning"
      height="22"
      role="img"
      viewBox="0 0 16 24"
      width="13"
      xmlns="http://www.w3.org/2000/svg"
    >
      <g
        clip-path="url(#a)"
      >
        <path
          d="M8 5a7.204 7.204 0 0 0-3.5.938A7.191 7.191 0 0 0 1.937 8.5a6.999 6.999 0 0 0 0 7A7.191 7.191 0 0 0 4.5 18.063 7.203 7.203 0 0 0 8 19a7.203 7.203 0 0 0 3.5-.938 7.191 7.191 0 0 0 2.563-2.562 7 7 0 0 0 0-7A7.19 7.19 0 0 0 11.5 5.937 7.204 7.204 0 0 0 8 5Zm0 15c-1.458-.02-2.792-.375-4-1.063C2.792 18.23 1.812 17.25 1.062 16 .355 14.73 0 13.396 0 12s.354-2.73 1.063-4C1.813 6.75 2.792 5.77 4 5.062 5.208 4.375 6.542 4.021 8 4c1.458.02 2.792.375 4 1.063C13.208 5.77 14.188 6.75 14.938 8 15.646 9.27 16 10.604 16 12s-.354 2.73-1.063 4c-.75 1.25-1.729 2.23-2.937 2.938-1.208.687-2.542 1.041-4 1.062ZM8 8c.313.02.48.188.5.5v4c-.02.313-.188.48-.5.5-.313-.02-.48-.188-.5-.5v-4c.02-.313.188-.48.5-.5Zm.75 7c-.042.458-.292.708-.75.75-.458-.042-.708-.292-.75-.75.042-.458.292-.708.75-.75.458.042.708.292.75.75Z"
          fill-opacity="0.72"
        />
      </g>
      <defs>
        <clippath
          id="a"
        >
          <path
            d="M0 0h16v24H0z"
          />
        </clippath>
      </defs>
    </svg>
    Label
  </div>
</div>
`;
