// Jest Snapshot v1, https://goo.gl/fbAQLP

exports[`SearchField It should render a SearchField with a given classname and type passed a prop 1`] = `
<div>
  <div
    class="flex w-full flex-col"
  >
    <div
      class="w-full rounded-400 inline-flex items-center py-50 border-75 overflow-hidden font-sans relative cursor-pointer [&:has(input:disabled)]:cursor-not-allowed hover:transition-[border] hover:ease-[cubic-bezier(0.72, 0, 0.24, 1)] hover:duration-[160ms] focus-within:[&:has(label)]:pt-600 data-[has-value=true]:[&:has(label)]:pt-600 bg-solid-slate-50 [&:has(input:disabled)]:bg-solid-slate-50 [&:has(input:disabled)]:text-opacity-black-100 [&:has(input:disabled)]:border-opacity-black-100 px-800 h-2800 text-opacity-black-100 [&:has(input:enabled)]:hover:[&:not(:focus-within)]:text-opacity-black-200 [&:has(input:enabled)]:hover:[&:not(:focus-within)]:border-opacity-black-200 focus-within:border-solid-slate-1400 focus-within:text-solid-slate-1400 bg-transparent"
      data-has-value="false"
    >
      <div>
        <svg
          height="24"
          role="img"
          viewBox="0 0 32 32"
          width="24"
          xmlns="http://www.w3.org/2000/svg"
        >
          <path
            d="M20.375 14.625c0-1.12-.273-2.162-.82-3.125a6.514 6.514 0 0 0-2.305-2.305 6.368 6.368 0 0 0-3.125-.82 6.368 6.368 0 0 0-3.125.82A6.514 6.514 0 0 0 8.695 11.5a6.226 6.226 0 0 0-.82 3.125c0 1.12.273 2.162.82 3.125A6.514 6.514 0 0 0 11 20.055c.99.547 2.031.82 3.125.82a6.368 6.368 0 0 0 3.125-.82 6.514 6.514 0 0 0 2.305-2.305c.547-.963.82-2.005.82-3.125Zm-1.21 6.367c-1.407 1.146-3.087 1.732-5.04 1.758-2.292-.052-4.206-.846-5.742-2.383-1.537-1.536-2.33-3.45-2.383-5.742.052-2.292.846-4.206 2.383-5.742 1.536-1.537 3.45-2.33 5.742-2.383 2.292.052 4.206.846 5.742 2.383 1.537 1.536 2.33 3.45 2.383 5.742-.026 1.953-.612 3.633-1.758 5.04l5.235 5.233c.364.443.364.886 0 1.329-.443.364-.886.364-1.329 0l-5.234-5.235Z"
          />
        </svg>
      </div>
      <input
        class="h-1200 bg-transparent leading-300 cursor-pointer peer grow disabled:cursor-not-allowed focus:outline-none focus:text-solid-slate-1400 hover:text-opacity-black-600 placeholder-shown:text-typography-disabled [&:not(placeholder-shown)]:text-opacity-black-600 disabled:text-opacity-black-300 [&:has(~label)]:text-100 [&:has(~label)]:placeholder:text-transparent [&:has(~label)]:focus:placeholder-opacity-black-300 [&::-webkit-search-decoration]:hidden [&::-webkit-search-cancel-button]:hidden [&::-webkit-search-results-button]:hidden [&::-webkit-search-results-decoration]:hidden [&::-ms-clear]:hidden [&::-ms-clear]:w-50 [&::-ms-clear]:h-50 [&::-ms-reveal]:hidden [&::-ms-reveal]:w-50 [&::-ms-reveal]:h-50 text-left h-1200"
        type="Search"
      />
    </div>
    <div
      class="flex justify-between pt-400"
    />
  </div>
</div>
`;

exports[`SearchField It should render a TextField with error status 1`] = `
<div>
  <div
    class="flex w-full flex-col"
  >
    <div
      class="w-full rounded-400 inline-flex items-center py-50 border-75 overflow-hidden font-sans relative cursor-pointer [&:has(input:disabled)]:cursor-not-allowed hover:transition-[border] hover:ease-[cubic-bezier(0.72, 0, 0.24, 1)] hover:duration-[160ms] focus-within:[&:has(label)]:pt-600 data-[has-value=true]:[&:has(label)]:pt-600 bg-solid-slate-50 [&:has(input:disabled)]:bg-solid-slate-50 [&:has(input:disabled)]:text-opacity-black-100 [&:has(input:disabled)]:border-opacity-black-100 px-800 h-2800 text-opacity-red-600 border-opacity-red-600 [&:has(input:enabled)]:hover:[&:not(:focus-within)]:text-opacity-red-800 [&:has(input:enabled)]:hover:[&:not(:focus-within)]:border-opacity-red-800 focus-within:text-solid-red-900 focus-within:border-solid-red-900"
      data-has-value="false"
    >
      <div>
        <svg
          height="24"
          role="img"
          viewBox="0 0 32 32"
          width="24"
          xmlns="http://www.w3.org/2000/svg"
        >
          <path
            d="M20.375 14.625c0-1.12-.273-2.162-.82-3.125a6.514 6.514 0 0 0-2.305-2.305 6.368 6.368 0 0 0-3.125-.82 6.368 6.368 0 0 0-3.125.82A6.514 6.514 0 0 0 8.695 11.5a6.226 6.226 0 0 0-.82 3.125c0 1.12.273 2.162.82 3.125A6.514 6.514 0 0 0 11 20.055c.99.547 2.031.82 3.125.82a6.368 6.368 0 0 0 3.125-.82 6.514 6.514 0 0 0 2.305-2.305c.547-.963.82-2.005.82-3.125Zm-1.21 6.367c-1.407 1.146-3.087 1.732-5.04 1.758-2.292-.052-4.206-.846-5.742-2.383-1.537-1.536-2.33-3.45-2.383-5.742.052-2.292.846-4.206 2.383-5.742 1.536-1.537 3.45-2.33 5.742-2.383 2.292.052 4.206.846 5.742 2.383 1.537 1.536 2.33 3.45 2.383 5.742-.026 1.953-.612 3.633-1.758 5.04l5.235 5.233c.364.443.364.886 0 1.329-.443.364-.886.364-1.329 0l-5.234-5.235Z"
          />
        </svg>
      </div>
      <input
        class="h-1200 bg-transparent leading-300 cursor-pointer peer grow disabled:cursor-not-allowed focus:outline-none focus:text-solid-slate-1400 hover:text-opacity-black-600 placeholder-shown:text-typography-disabled [&:not(placeholder-shown)]:text-opacity-black-600 disabled:text-opacity-black-300 [&:has(~label)]:text-100 [&:has(~label)]:placeholder:text-transparent [&:has(~label)]:focus:placeholder-opacity-black-300 [&::-webkit-search-decoration]:hidden [&::-webkit-search-cancel-button]:hidden [&::-webkit-search-results-button]:hidden [&::-webkit-search-results-decoration]:hidden [&::-ms-clear]:hidden [&::-ms-clear]:w-50 [&::-ms-clear]:h-50 [&::-ms-reveal]:hidden [&::-ms-reveal]:w-50 [&::-ms-reveal]:h-50 text-left h-1200"
        type="search"
      />
    </div>
    <div
      class="flex justify-between pt-400"
    />
  </div>
</div>
`;

exports[`SearchField It should render a TextField with success status 1`] = `
<div>
  <div
    class="flex w-full flex-col"
  >
    <div
      class="w-full rounded-400 inline-flex items-center py-50 border-75 overflow-hidden font-sans relative cursor-pointer [&:has(input:disabled)]:cursor-not-allowed hover:transition-[border] hover:ease-[cubic-bezier(0.72, 0, 0.24, 1)] hover:duration-[160ms] focus-within:[&:has(label)]:pt-600 data-[has-value=true]:[&:has(label)]:pt-600 bg-solid-slate-50 [&:has(input:disabled)]:bg-solid-slate-50 [&:has(input:disabled)]:text-opacity-black-100 [&:has(input:disabled)]:border-opacity-black-100 px-800 h-2800 text-opacity-green-600 border-opacity-green-600 [&:has(input:enabled)]:hover:[&:not(:focus-within)]:text-opacity-green-800 [&:has(input:enabled)]:hover:[&:not(:focus-within)]:border-opacity-green-800 focus-within:text-solid-green-900 focus-within:border-solid-green-900"
      data-has-value="false"
    >
      <div>
        <svg
          height="24"
          role="img"
          viewBox="0 0 32 32"
          width="24"
          xmlns="http://www.w3.org/2000/svg"
        >
          <path
            d="M20.375 14.625c0-1.12-.273-2.162-.82-3.125a6.514 6.514 0 0 0-2.305-2.305 6.368 6.368 0 0 0-3.125-.82 6.368 6.368 0 0 0-3.125.82A6.514 6.514 0 0 0 8.695 11.5a6.226 6.226 0 0 0-.82 3.125c0 1.12.273 2.162.82 3.125A6.514 6.514 0 0 0 11 20.055c.99.547 2.031.82 3.125.82a6.368 6.368 0 0 0 3.125-.82 6.514 6.514 0 0 0 2.305-2.305c.547-.963.82-2.005.82-3.125Zm-1.21 6.367c-1.407 1.146-3.087 1.732-5.04 1.758-2.292-.052-4.206-.846-5.742-2.383-1.537-1.536-2.33-3.45-2.383-5.742.052-2.292.846-4.206 2.383-5.742 1.536-1.537 3.45-2.33 5.742-2.383 2.292.052 4.206.846 5.742 2.383 1.537 1.536 2.33 3.45 2.383 5.742-.026 1.953-.612 3.633-1.758 5.04l5.235 5.233c.364.443.364.886 0 1.329-.443.364-.886.364-1.329 0l-5.234-5.235Z"
          />
        </svg>
      </div>
      <input
        class="h-1200 bg-transparent leading-300 cursor-pointer peer grow disabled:cursor-not-allowed focus:outline-none focus:text-solid-slate-1400 hover:text-opacity-black-600 placeholder-shown:text-typography-disabled [&:not(placeholder-shown)]:text-opacity-black-600 disabled:text-opacity-black-300 [&:has(~label)]:text-100 [&:has(~label)]:placeholder:text-transparent [&:has(~label)]:focus:placeholder-opacity-black-300 [&::-webkit-search-decoration]:hidden [&::-webkit-search-cancel-button]:hidden [&::-webkit-search-results-button]:hidden [&::-webkit-search-results-decoration]:hidden [&::-ms-clear]:hidden [&::-ms-clear]:w-50 [&::-ms-clear]:h-50 [&::-ms-reveal]:hidden [&::-ms-reveal]:w-50 [&::-ms-reveal]:h-50 text-left h-1200"
        type="search"
      />
    </div>
    <div
      class="flex justify-between pt-400"
    />
  </div>
</div>
`;

exports[`SearchField It should render a default SearchField 1`] = `
<div>
  <div
    class="flex w-full flex-col"
  >
    <div
      class="w-full rounded-400 inline-flex items-center py-50 border-75 overflow-hidden font-sans relative cursor-pointer [&:has(input:disabled)]:cursor-not-allowed hover:transition-[border] hover:ease-[cubic-bezier(0.72, 0, 0.24, 1)] hover:duration-[160ms] focus-within:[&:has(label)]:pt-600 data-[has-value=true]:[&:has(label)]:pt-600 bg-solid-slate-50 [&:has(input:disabled)]:bg-solid-slate-50 [&:has(input:disabled)]:text-opacity-black-100 [&:has(input:disabled)]:border-opacity-black-100 px-800 h-2800 text-opacity-black-100 [&:has(input:enabled)]:hover:[&:not(:focus-within)]:text-opacity-black-200 [&:has(input:enabled)]:hover:[&:not(:focus-within)]:border-opacity-black-200 focus-within:border-solid-slate-1400 focus-within:text-solid-slate-1400"
      data-has-value="false"
    >
      <div>
        <svg
          height="24"
          role="img"
          viewBox="0 0 32 32"
          width="24"
          xmlns="http://www.w3.org/2000/svg"
        >
          <path
            d="M20.375 14.625c0-1.12-.273-2.162-.82-3.125a6.514 6.514 0 0 0-2.305-2.305 6.368 6.368 0 0 0-3.125-.82 6.368 6.368 0 0 0-3.125.82A6.514 6.514 0 0 0 8.695 11.5a6.226 6.226 0 0 0-.82 3.125c0 1.12.273 2.162.82 3.125A6.514 6.514 0 0 0 11 20.055c.99.547 2.031.82 3.125.82a6.368 6.368 0 0 0 3.125-.82 6.514 6.514 0 0 0 2.305-2.305c.547-.963.82-2.005.82-3.125Zm-1.21 6.367c-1.407 1.146-3.087 1.732-5.04 1.758-2.292-.052-4.206-.846-5.742-2.383-1.537-1.536-2.33-3.45-2.383-5.742.052-2.292.846-4.206 2.383-5.742 1.536-1.537 3.45-2.33 5.742-2.383 2.292.052 4.206.846 5.742 2.383 1.537 1.536 2.33 3.45 2.383 5.742-.026 1.953-.612 3.633-1.758 5.04l5.235 5.233c.364.443.364.886 0 1.329-.443.364-.886.364-1.329 0l-5.234-5.235Z"
          />
        </svg>
      </div>
      <input
        class="h-1200 bg-transparent leading-300 cursor-pointer peer grow disabled:cursor-not-allowed focus:outline-none focus:text-solid-slate-1400 hover:text-opacity-black-600 placeholder-shown:text-typography-disabled [&:not(placeholder-shown)]:text-opacity-black-600 disabled:text-opacity-black-300 [&:has(~label)]:text-100 [&:has(~label)]:placeholder:text-transparent [&:has(~label)]:focus:placeholder-opacity-black-300 [&::-webkit-search-decoration]:hidden [&::-webkit-search-cancel-button]:hidden [&::-webkit-search-results-button]:hidden [&::-webkit-search-results-decoration]:hidden [&::-ms-clear]:hidden [&::-ms-clear]:w-50 [&::-ms-clear]:h-50 [&::-ms-reveal]:hidden [&::-ms-reveal]:w-50 [&::-ms-reveal]:h-50 text-left h-1200"
        type="search"
      />
    </div>
    <div
      class="flex justify-between pt-400"
    />
  </div>
</div>
`;
