// Jest Snapshot v1, https://goo.gl/fbAQLP

exports[`AppLayout should render with proper classes 1`] = `
<div>
  <div
    class="bg-background-primary-container"
  />
</div>
`;
