// Jest Snapshot v1, https://goo.gl/fbAQLP

exports[`FluidContainer should render correctly 1`] = `
<div>
  <div
    class="mx-auto w-full max-w-screen-lg"
  />
</div>
`;
